; NOTE: Assertions have been autogenerated by utils/update_llc_test_checks.py UTC_ARGS: --version 2
; RUN: llc < %s -mtriple=evm | FileCheck %s

define i256 @swap_second_no_junk(i256 %a1, i256 %a2, i256 %a3, i256 %a4) nounwind {
; CHECK-LABEL: swap_second_no_junk:
; CHECK:       ; %bb.0:
; CHECK-NEXT:    JUMPDEST
; CHECK-NEXT:    SWAP3
; CHECK-NEXT:    SWAP2
; CHECK-NEXT:    POP
; CHECK-NEXT:    POP
; CHECK-NEXT:    SUB
; CHECK-NEXT:    SWAP1
; CHECK-NEXT:    JUMP
  %x1 = sub i256 %a4, %a1
  ret i256 %x1
}
